-----BEGIN CERTIFICATE-----
eWF6YW5ceWF6YW4NCnZyIDEzLTEwLTIwMjMgMTA6MDQ6NTMsMTMgDQotLS0tLS0t
LS0tLS0tLS0tLS0tLS0tLS0tLS0tLS0tLS0tLS0tLS0tLS0tLS0tLS0tIA0KVXNl
ciBTdG9yaWVzIChUZXN0c1xGZWF0dXJlXFVzZXJTdG9yaWVzKQogWyBdIFJFUTIg
UHVibGljQ2F0ZWdvcnlQYWdlCiBbeF0gUkVRNCBEaXNjb3VudGVkUHJpY2VPbk1v
ZGVsCiBbeF0gUkVRNCBEaXNjb3VudGVkUHJpY2VJbkhUTUwKIFsgXSBSRVE2IE9y
ZGVyU3RhdHVzRXhpc3RzCiBbIF0gUkVRNyBPcmRlclN0YXR1c0NoYW5nZXMKIFsg
XSBSRVE5IFByb2R1Y3RFZGl0SGFzRGlzY291bnQKIFt4XSBSRVExMCBQcm9kdWN0
RWRpdENvbnRhaW5zQ2F0ZWdvcnkKIFt4XSBSRVExMWEgQ2F0ZWdvcnlQYWdlSGFz
UHJvZHVjdHMKCi0tLS0tLS0tLS0tLS0tLS0tLS0tLS0tLS0tLS0tLS0tLS0tLS0t
LS0tLS0tLS0tLS0gDQpQSFBVbml0IDkuNi4xMSBieSBTZWJhc3RpYW4gQmVyZ21h
bm4gYW5kIGNvbnRyaWJ1dG9ycy4KCkYuLkVFRi4uICAgICAgICAgICAgICAgICAg
ICAgICAgICAgICAgICAgICAgICAgICAgICAgICAgICAgICAgICAgICAgOCAvIDgg
KDEwMCUpDQoNClRpbWU6IDAwOjAwLjg4MSwgTWVtb3J5OiAyOC4wMCBNQg0KDQpU
aGVyZSB3ZXJlIDIgZXJyb3JzOgoKMSkgVGVzdHNcRmVhdHVyZVxVc2VyU3Rvcmll
c1Rlc3Q6OnRlc3RfUkVRNl9PcmRlclN0YXR1c0V4aXN0cwpFcnJvcjogQ2FsbCB0
byBhIG1lbWJlciBmdW5jdGlvbiBnZXRBdHRyaWJ1dGVzKCkgb24gbnVsbAoKQzpc
U2Nob29sXEJMT0NLIENcd2ViXDRTaG9wXHRlc3RzXEZlYXR1cmVcVXNlclN0b3Jp
ZXNUZXN0LnBocDo0OAoKMikgVGVzdHNcRmVhdHVyZVxVc2VyU3Rvcmllc1Rlc3Q6
OnRlc3RfUkVRN19PcmRlclN0YXR1c0NoYW5nZXMKRXJyb3JFeGNlcHRpb246IEF0
dGVtcHQgdG8gcmVhZCBwcm9wZXJ0eSAiZGVsaXZlcmVkIiBvbiBudWxsCgpDOlxT
Y2hvb2xcQkxPQ0sgQ1x3ZWJcNFNob3BcdmVuZG9yXGxhcmF2ZWxcZnJhbWV3b3Jr
XHNyY1xJbGx1bWluYXRlXEZvdW5kYXRpb25cQm9vdHN0cmFwXEhhbmRsZUV4Y2Vw
dGlvbnMucGhwOjI3MApDOlxTY2hvb2xcQkxPQ0sgQ1x3ZWJcNFNob3BcdGVzdHNc
RmVhdHVyZVxVc2VyU3Rvcmllc1Rlc3QucGhwOjU0CgotLQoKVGhlcmUgd2VyZSAy
IGZhaWx1cmVzOgoKMSkgVGVzdHNcRmVhdHVyZVxVc2VyU3Rvcmllc1Rlc3Q6OnRl
c3RfUkVRMl9QdWJsaWNDYXRlZ29yeVBhZ2UKRXhwZWN0ZWQgcmVzcG9uc2Ugc3Rh
dHVzIGNvZGUgWzIwMF0gYnV0IHJlY2VpdmVkIDQwNS4KRmFpbGVkIGFzc2VydGlu
ZyB0aGF0IDIwMCBpcyBpZGVudGljYWwgdG8gNDA1LgoKQzpcU2Nob29sXEJMT0NL
IENcd2ViXDRTaG9wXHZlbmRvclxsYXJhdmVsXGZyYW1ld29ya1xzcmNcSWxsdW1p
bmF0ZVxUZXN0aW5nXFRlc3RSZXNwb25zZS5waHA6MTIzCkM6XFNjaG9vbFxCTE9D
SyBDXHdlYlw0U2hvcFx0ZXN0c1xGZWF0dXJlXFVzZXJTdG9yaWVzVGVzdC5waHA6
MTUKCjIpIFRlc3RzXEZlYXR1cmVcVXNlclN0b3JpZXNUZXN0Ojp0ZXN0X1JFUTlf
UHJvZHVjdEVkaXRIYXNEaXNjb3VudApGYWlsZWQgYXNzZXJ0aW5nIHRoYXQgJzwh
RE9DVFlQRSBodG1sPlxyXG4KPGh0bWwgbGFuZz0iZW4iPlxyXG4KPGhlYWQ+XHJc
bgogICAgPG1ldGEgY2hhcnNldD0idXRmLTgiPlxyXG4KICAgIDxtZXRhIGh0dHAt
ZXF1aXY9IlgtVUEtQ29tcGF0aWJsZSIgY29udGVudD0iSUU9ZWRnZSI+XHJcbgog
ICAgPG1ldGEgbmFtZT0idmlld3BvcnQiIGNvbnRlbnQ9IndpZHRoPWRldmljZS13
aWR0aCwgaW5pdGlhbC1zY2FsZT0xIj5cclxuClxyXG4KICAgIDwhLS0gQ1NSRiBU
b2tlbiAtLT5cclxuCiAgICA8bWV0YSBuYW1lPSJjc3JmLXRva2VuIiBjb250ZW50
PSJ0bEtJQ0ZSU1E3YlMzdGFwZTZpSFJON2d2cVdmMjI4SW96NDhKc0Z1Ij5cclxu
ClxyXG4KICAgIDx0aXRsZT40U2hvcCBZYXphbiBBbHNhbGxvdW08L3RpdGxlPlxy
XG4KXHJcbgogICAgPCEtLSBTdHlsZXMgLS0+XHJcbgogICAgPGxpbmsgcmVsPSJz
dHlsZXNoZWV0IiBocmVmPSJodHRwczovL3N0YWNrcGF0aC5ib290c3RyYXBjZG4u
Y29tL2Jvb3RzdHJhcC80LjMuMS9jc3MvYm9vdHN0cmFwLm1pbi5jc3MiIGludGVn
cml0eT0ic2hhMzg0LWdnT3lSMGlYQ2JNUXYzWGlwbWEzNE1EK2RILzFmUTc4NC9q
NmNZL2lKVFFVT2hjV3I3eDlKdm9SeFQyTVp3MVQiIGNyb3Nzb3JpZ2luPSJhbm9u
eW1vdXMiPlxyXG4KICAgIDxsaW5rIHJlbD0ic3R5bGVzaGVldCIgaHJlZj0iaHR0
cDovL2xvY2FsaG9zdC9jc3MvYXBwLmNzcyI+XHJcbgogICAgPHNjcmlwdCBzcmM9
Ii8vWzo6MV06NTE3My9qcy9hcHAuanMiPjwvc2NyaXB0PlxyXG4KPC9oZWFkPlxy
XG4KPGJvZHk+XHJcbgogICAgPG5hdiBjbGFzcz0ibmF2YmFyIG5hdmJhci1leHBh
bmQtbGcgbmF2YmFyLWRhcmsgYmctc3VjY2VzcyBkLWZsZXgganVzdGlmeS1jb250
ZW50LWJldHdlZW4iPlxyXG4KICAgICAgICA8ZGl2IGNsYXNzPSJjb250YWluZXIi
PlxyXG4KICAgICAgICAgICAgPGEgaHJlZj0iaHR0cDovL2xvY2FsaG9zdC9hZG1p
biIgY2xhc3M9Im5hdmJhci1icmFuZCI+V2lua2VsPC9hPlxyXG4KICAgICAgICAg
ICAgPHVsIGNsYXNzPSJuYXZiYXItbmF2Ij5cclxuCiAgICAgICAgICAgICAgICA8
bGkgY2xhc3M9Im5hdi1pdGVtIj5cclxuCiAgICAgICAgICAgICAgICAgICAgPGEg
Y2xhc3M9Im5hdi1saW5rIiBocmVmPSJodHRwOi8vbG9jYWxob3N0L2FkbWluL29y
ZGVycyI+QmVzdGVsbGluZ2VuPC9hPlxyXG4KICAgICAgICAgICAgICAgIDwvbGk+
XHJcbgogICAgICAgICAgICAgICAgPGxpIGNsYXNzPSJuYXYtaXRlbSI+XHJcbgog
ICAgICAgICAgICAgICAgICAgIDxhIGNsYXNzPSJuYXYtbGluayIgaHJlZj0iaHR0
cDovL2xvY2FsaG9zdC9hZG1pbi9wcm9kdWN0cyI+UHJvZHVjdGVuPC9hPlxyXG4K
ICAgICAgICAgICAgICAgIDwvbGk+XHJcbgogICAgICAgICAgICAgICAgPGxpIGNs
YXNzPSJuYXYtaXRlbSI+XHJcbgogICAgICAgICAgICAgICAgICAgIDxhIGNsYXNz
PSJuYXYtbGluayIgaHJlZj0iaHR0cDovL2xvY2FsaG9zdC9jYXRlZ29yaWVzIj5D
YXRlZ29yaWXDq248L2E+XHJcbgogICAgICAgICAgICAgICAgPC9saT5cclxuCiAg
ICAgICAgICAgICAgICA8bGkgY2xhc3M9Im5hdi1pdGVtIj5cclxuCiAgICAgICAg
ICAgICAgICAgICAgPGEgY2xhc3M9Im5hdi1saW5rIiBocmVmPSJodHRwOi8vbG9j
YWxob3N0L2FkbWluL3VzZXJzIj5BY2NvdW50czwvYT5cclxuCiAgICAgICAgICAg
ICAgICA8L2xpPlxyXG4KICAgICAgICAgICAgPC91bD5cclxuCiAgICAgICAgPC9k
aXY+XHJcbgogICAgPC9uYXY+XHJcbgpcclxuCiAgICA8ZGl2IGNsYXNzPSJtYWlu
Ij5cclxuCiAgICAgICAgPGRpdiBjbGFzcz0iY29udGFpbmVyIG10LTQiPlxyXG4K
XHJcbgogICAgICAgICAgICBcclxuCiAgICAgICAgICAgIFxyXG4KICAgICAgICAg
ICAgXG4KPGRpdiBjbGFzcz0iZC1mbGV4IGFsaWduLWl0ZW1zLWNlbnRlciBmbGV4
LWNvbHVtbiBteS01Ij5cbgpcbgoJPGZvcm0gYWN0aW9uPSJodHRwOi8vbG9jYWxo
b3N0L2FkbWluL3Byb2R1Y3RzLzEiIG1ldGhvZD0iUE9TVCIgc3R5bGU9Im1pbi13
aWR0aDogMzIwcHg7IiBlbmN0eXBlPSJtdWx0aXBhcnQvZm9ybS1kYXRhIj5cbgpc
bgoJCTxoND5Qcm9kdWN0IGFhbnBhc3NlbjwvaDQ+XG4KXG4KCQk8ZGl2IGNsYXNz
PSJmb3JtLWdyb3VwIj5cbgoJCQk8bGFiZWwgZm9yPSJ0aXRsZSI+VGl0ZWw8L2xh
YmVsPlxuCgkJCTxpbnB1dCB0eXBlPSJ0ZXh0IiBpZD0idGl0bGUiIG5hbWU9InRp
dGxlIiBjbGFzcz0iZm9ybS1jb250cm9sIiB2YWx1ZT0iVmVzdCI+XG4KCQk8L2Rp
dj5cbgogICAgPGRpdiBjbGFzcz0iZm9ybS1ncm91cCI+XG4KICAgICAgICAgICAg
PGxhYmVsIGZvcj0iY2F0ZWdvcnlfaWQiPkNhdGVnb3JpZTwvbGFiZWw+XG4KICAg
ICAgICAgICAgPHNlbGVjdCBpZD0iY2F0ZWdvcnlfaWQiIG5hbWU9ImNhdGVnb3J5
X2lkIiBjbGFzcz0iZm9ybS1jb250cm9sIj5cbgogICAgICAgICAgICAgICAgPG9w
dGlvbiB2YWx1ZT0iIiBzZWxlY3RlZD5LaWVzIGVlbiBjYXRlZ29yaWU8L29wdGlv
bj5cbgogICAgICAgICAgICAgICAgICAgICAgICAgICAgICAgICAgICA8b3B0aW9u
IHZhbHVlPSIxIiAgc2VsZWN0ZWQgPktsZWRpbmc8L29wdGlvbj5cbgogICAgICAg
ICAgICAgICAgICAgICAgICAgICAgICAgICAgICA8b3B0aW9uIHZhbHVlPSIyIiA+
T3ZlcmlnZTwvb3B0aW9uPlxuCiAgICAgICAgICAgICAgICAgICAgICAgICAgICA8
L3NlbGVjdD5cbgogICAgICAgIDwvZGl2PlxuCgkJPGRpdiBjbGFzcz0iZm9ybS1n
cm91cCI+XG4KCQkJPGxhYmVsIGZvcj0icHJpY2UiPlByaWpzPC9sYWJlbD5cbgoJ
CQk8ZGl2IGNsYXNzPSJpbnB1dC1ncm91cCBtYi0yIj5cbgoJCSAgICAgICAgPGRp
diBjbGFzcz0iaW5wdXQtZ3JvdXAtcHJlcGVuZCI+XG4KCQkgICAgICAgIAk8ZGl2
IGNsYXNzPSJpbnB1dC1ncm91cC10ZXh0Ij4mZXVybzs8L2Rpdj5cbgoJCSAgICAg
ICAgPC9kaXY+XG4KCQkJCTxpbnB1dCB0eXBlPSJudW1iZXIiIG1pbj0iMCIgaWQ9
InByaWNlIiBuYW1lPSJwcmljZSIgY2xhc3M9ImZvcm0tY29udHJvbCIgdmFsdWU9
IjI1LjM4Ij5cbgoJCQk8L2Rpdj5cbgoJCTwvZGl2PlxuCgkJPGRpdiBjbGFzcz0i
Zm9ybS1ncm91cCBteS00Ij5cbgoJCQk8ZGl2IGNsYXNzPSJmb3JtLWNoZWNrIGZv
cm0tY2hlY2staW5saW5lIj5cbgoJCQkJPGlucHV0IGNsYXNzPSJmb3JtLWNoZWNr
LWlucHV0IiB0eXBlPSJyYWRpbyIgbmFtZT0iYWN0aXZlIiBpZD0iYWN0aXZlMSIg
dmFsdWU9IjEiICBjaGVja2VkID5cbgoJCQkJPGxhYmVsIGNsYXNzPSJmb3JtLWNo
ZWNrLWxhYmVsIiBmb3I9ImFjdGl2ZTEiPlppY2h0YmFhcjwvbGFiZWw+XG4KCQkJ
PC9kaXY+XG4KCQkJPGRpdiBjbGFzcz0iZm9ybS1jaGVjayBmb3JtLWNoZWNrLWlu
bGluZSI+XG4KCQkJCTxpbnB1dCBjbGFzcz0iZm9ybS1jaGVjay1pbnB1dCIgdHlw
ZT0icmFkaW8iIG5hbWU9ImFjdGl2ZSIgaWQ9ImFjdGl2ZTAiIHZhbHVlPSIwIiA+
XG4KCQkJCTxsYWJlbCBjbGFzcz0iZm9ybS1jaGVjay1sYWJlbCIgZm9yPSJhY3Rp
dmUwIj5PbnppY2h0YmFhcjwvbGFiZWw+XG4KCQkJPC9kaXY+XG4KCQk8L2Rpdj5c
bgoJCTxkaXYgY2xhc3M9ImZvcm0tZ3JvdXAgbXktNCI+XG4KCQkJPGRpdiBjbGFz
cz0iZm9ybS1jaGVjayBmb3JtLWNoZWNrLWlubGluZSI+XG4KCQkJCTxpbnB1dCBj
bGFzcz0iZm9ybS1jaGVjay1pbnB1dCIgdHlwZT0icmFkaW8iIG5hbWU9ImxlaWRp
bmciIGlkPSJsZWlkaW5nMSIgdmFsdWU9IjEiICBjaGVja2VkID5cbgoJCQkJPGxh
YmVsIGNsYXNzPSJmb3JtLWNoZWNrLWxhYmVsIiBmb3I9ImxlaWRpbmcxIj5MZWlk
aW5nPC9sYWJlbD5cbgoJCQk8L2Rpdj5cbgoJCQk8ZGl2IGNsYXNzPSJmb3JtLWNo
ZWNrIGZvcm0tY2hlY2staW5saW5lIj5cbgoJCQkJPGlucHV0IGNsYXNzPSJmb3Jt
LWNoZWNrLWlucHV0IiB0eXBlPSJyYWRpbyIgbmFtZT0ibGVpZGluZyIgaWQ9Imxl
aWRpbmcwIiB2YWx1ZT0iMCIgPlxuCgkJCQk8bGFiZWwgY2xhc3M9ImZvcm0tY2hl
Y2stbGFiZWwiIGZvcj0ibGVpZGluZzAiPkxlZGVuIGVuIGxlaWRpbmc8L2xhYmVs
PlxuCgkJCTwvZGl2PlxuCgkJPC9kaXY+XG4KCQk8ZGl2IGNsYXNzPSJmb3JtLWdy
b3VwIj5cbgoJCQk8aW5wdXQgdHlwZT0iZmlsZSIgaWQ9ImltYWdlIiBuYW1lPSJp
bWFnZSIgYWNjZXB0PSJpbWFnZS9wbmcsIGltYWdlL2pwZWciPlxuCgkJPC9kaXY+
XG4KXG4KCQk8ZGl2IGNsYXNzPSJmb3JtLWdyb3VwIj5cbgoJCQk8bGFiZWwgZm9y
PSJkZXNjcmlwdGlvbiI+QmVzY2hyaWp2aW5nPC9sYWJlbD5cbgoJCQk8dGV4dGFy
ZWEgbmFtZT0iZGVzY3JpcHRpb24iIGlkPSJkZXNjcmlwdGlvbiIgY29scz0iMzAi
IHJvd3M9IjUiIGNsYXNzPSJmb3JtLWNvbnRyb2wiPkhvb2R5IG1ldCByaXRzLCB2
b29yIHN0YWZsZWRlbiBlbiBleHBsb3JlcnMuIExvZ28gdm9vciBlbiBoYW5kamVz
IGFjaHRlciBvcCBkZSBydWcuPC90ZXh0YXJlYT5cbgoJCTwvZGl2PlxuClxuCgkJ
PGJ1dHRvbiB0eXBlPSJzdWJtaXQiIGNsYXNzPSJmb3JtLWNvbnRyb2wgYnRuIGJ0
bi1wcmltYXJ5IG15LTIiPk9wc2xhYW48L2J1dHRvbj5cbgoJCTxpbnB1dCB0eXBl
PSJoaWRkZW4iIG5hbWU9Il90b2tlbiIgdmFsdWU9InRsS0lDRlJTUTdiUzN0YXBl
NmlIUk43Z3ZxV2YyMjhJb3o0OEpzRnUiPlxuCgkJPGlucHV0IHR5cGU9ImhpZGRl
biIgbmFtZT0iX21ldGhvZCIgdmFsdWU9IlBBVENIIj5cbgoJPC9mb3JtPlxuCgk8
Zm9ybSBhY3Rpb249Imh0dHA6Ly9sb2NhbGhvc3QvYWRtaW4vcHJvZHVjdHMvMSIg
bWV0aG9kPSJQT1NUIj5cbgoJCTxidXR0b24gdHlwZT0ic3VibWl0IiBjbGFzcz0i
Zm9ybS1jb250cm9sIGJ0biBidG4tb3V0bGluZS1kYW5nZXIiPlZlcndpamRlcmVu
PC9idXR0b24+XG4KCQk8aW5wdXQgdHlwZT0iaGlkZGVuIiBuYW1lPSJfdG9rZW4i
IHZhbHVlPSJ0bEtJQ0ZSU1E3YlMzdGFwZTZpSFJON2d2cVdmMjI4SW96NDhKc0Z1
Ij5cbgoJCTxpbnB1dCB0eXBlPSJoaWRkZW4iIG5hbWU9Il9tZXRob2QiIHZhbHVl
PSJERUxFVEUiPlxuCgk8L2Zvcm0+XG4KPC9kaXY+XG4KXG4KICAgICAgICA8L2Rp
dj5cclxuCiAgICA8L2Rpdj5cclxuClxyXG4KICAgIDwvYm9keT5cclxuCjwvaHRt
bD5cclxuCicgY29udGFpbnMgIjI5LjAwIi4KCkM6XFNjaG9vbFxCTE9DSyBDXHdl
Ylw0U2hvcFx2ZW5kb3JcbGFyYXZlbFxmcmFtZXdvcmtcc3JjXElsbHVtaW5hdGVc
VGVzdGluZ1xUZXN0UmVzcG9uc2UucGhwOjUyNwpDOlxTY2hvb2xcQkxPQ0sgQ1x3
ZWJcNFNob3BcdGVzdHNcRmVhdHVyZVxVc2VyU3Rvcmllc1Rlc3QucGhwOjcwCgpF
UlJPUlMhDQpUZXN0czogOCwgQXNzZXJ0aW9uczogMTEsIEVycm9yczogMiwgRmFp
bHVyZXM6IDIuDQo=
-----END CERTIFICATE-----
